// Jest Snapshot v1, https://goo.gl/fbAQLP

exports[`Case 1: Dropdown Component Renders Correctly 1`] = `
Array [
  <div
    className="dropdown-component"
  >
    <button
      className="dropdown-button"
      data-testid="dropdown-button"
    >
      Dropdown
      <i
        className="dropdown-button-arrow-down"
      />
    </button>
    <div
      className="dropdown-content"
    >
      <button
        className="dropdown-content-buttons"
        data-testid="dropdown-content-button"
        onClick={[Function]}
        type="button"
      >
        Dropdown Content - 1
      </button>
      <style
        jsx={true}
      >
        
                  /* Links inside the dropdown */
                  .dropdown-content-buttons {
                    background: whitesmoke;
                    margin: 0px;
                    border: 0px;
                    box-shadow: none;
                    color: black;
                    padding: 16px;
                    display: block;
                    width: 100%;
                  }

                  /* Change color of dropdown links on hover */
                  .dropdown-content-buttons:hover {
                    background: wheat;
                  }
                
      </style>
      <button
        className="dropdown-content-buttons"
        data-testid="dropdown-content-button"
        onClick={[Function]}
        type="button"
      >
        Dropdown Content - 2
      </button>
      <style
        jsx={true}
      >
        
                  /* Links inside the dropdown */
                  .dropdown-content-buttons {
                    background: whitesmoke;
                    margin: 0px;
                    border: 0px;
                    box-shadow: none;
                    color: black;
                    padding: 16px;
                    display: block;
                    width: 100%;
                  }

                  /* Change color of dropdown links on hover */
                  .dropdown-content-buttons:hover {
                    background: wheat;
                  }
                
      </style>
      <button
        className="dropdown-content-buttons"
        data-testid="dropdown-content-button"
        onClick={[Function]}
        type="button"
      >
        Dropdown Content - 3
      </button>
      <style
        jsx={true}
      >
        
                  /* Links inside the dropdown */
                  .dropdown-content-buttons {
                    background: whitesmoke;
                    margin: 0px;
                    border: 0px;
                    box-shadow: none;
                    color: black;
                    padding: 16px;
                    display: block;
                    width: 100%;
                  }

                  /* Change color of dropdown links on hover */
                  .dropdown-content-buttons:hover {
                    background: wheat;
                  }
                
      </style>
    </div>
  </div>,
  <style
    jsx={true}
  >
    
          /* Styles for the Dropdown Component */
          .dropdown-component {
            display: inline-block;
            position: relative;
          }

          .dropdown-component .dropdown-button {
            background: #4caf50;
            color: white;
            font-weight: 700;
            border: none;
            cursor: pointer;
            min-width: 200px;
            border-radius: 4px;
          }

          .dropdown-component .dropdown-button-arrow-down {
            border: solid white;
            border-width: 0 3px 3px 0;
            display: inline-block;
            padding: 4px;
            transform: rotate(45deg);
            margin-left: 12px;
          }

          /* Dropdown Content (Hidden by Default) */
          .dropdown-component .dropdown-content {
            display: none;
            position: absolute;
            background: white;
            min-width: 200px;
            box-shadow: 0px 8px 16px 0px rgba(0, 0, 0, 0.2);
            z-index: 1;
          }

          /* Show the dropdown menu on hover */
          .dropdown-component:hover .dropdown-content {
            display: block;
          }

          .dropdown-component .dropdown-button:hover {
            background: #3e8e41;
          }
        
  </style>,
]
`;
