// Jest Snapshot v1, https://goo.gl/fbAQLP

exports[`Case 1: IconButton Component Renders Correctly 1`] = `
Array [
  <div
    className="button-component"
  >
    <button
      className=" icon-button-component button-medium button"
      data-testid="button"
      disabled={false}
      onClick={[Function]}
      type="button"
    >
      <p
        className="button-text"
        data-testid="button-text"
      >
        <div
          className="icon-button-component-contents"
        >
          <span
            className="icon-button-component-contents-icon"
          >
            <svg
              aria-hidden="true"
              className="svg-inline--fa fa-plus fa-w-14 "
              data-icon="plus"
              data-prefix="fas"
              focusable="false"
              role="img"
              style={Object {}}
              viewBox="0 0 448 512"
              xmlns="http://www.w3.org/2000/svg"
            >
              <path
                d="M416 208H272V64c0-17.67-14.33-32-32-32h-32c-17.67 0-32 14.33-32 32v144H32c-17.67 0-32 14.33-32 32v32c0 17.67 14.33 32 32 32h144v144c0 17.67 14.33 32 32 32h32c17.67 0 32-14.33 32-32V304h144c17.67 0 32-14.33 32-32v-32c0-17.67-14.33-32-32-32z"
                fill="currentColor"
                style={Object {}}
              />
            </svg>
          </span>
        </div>
      </p>
    </button>
  </div>,
  <style
    jsx={true}
  >
    
          /* Styles for the Button Component */
          .button-component .button {
            background: linear-gradient(#5aac44 0px, #519839 100%);
            box-shadow: 0 1px 0 #959da1;
            border-radius: 4px;
            border: 0px;
            color: white;
            height: 40px;
            padding: 8px;
            overflow: hidden;
          }

          .button-component .button:hover {
            background: #298fca;
            border-color: #298fca #298fca #026aa7;
          }

          .button-component .button-text {
            display: flex;
            justify-content: center;
            font-weight: 700;
            margin: 0;
          }

          .button-component .button-disabled {
            cursor: not-allowed;
            background: gray;
          }

          .button-component .button-disabled:hover {
            background-color: gray;
            border-color: gray;
          }

          /* Keep adding the Styles of the Button Size Props below */
          .button-component .button-extra-small {
            width: 50px;
          }

          .button-component .button-small {
            width: 100px;
          }

          .button-component .button-medium {
            width: 150px;
          }

          .button-component .button-large {
            width: 200px;
          }

          .button-component .button-extra-large {
            width: 250px;
          }

          .button-component .transparent {
            background: white;
            box-shadow: none;
            border-radius: none;
            color: black;
          }

          .button-component .button-red {
            color: #fff;
            background-color: #cb2431;
            background-image: linear-gradient(-180deg, #de4450, #cb2431 90%);
            border-color: rgba(27, 31, 35, 0.5);
          }

          .button-component .button-red:hover {
            color: #cb2431;
            background-color: #fafbfc;
            background-image: linear-gradient(-180deg, #fafbfc, #eff3f6 90%);
          }
        
  </style>,
  <style
    jsx={true}
  >
    
          /* Styles for the Icon Button Component */
          .icon-button-component-contents {
            display: flex;
            justify-content: space-around;
            width: 100%;
            align-items: center;
          }

          .icon-button-component-contents-text {
            font-weight: 700;
          }
        
  </style>,
]
`;
