// Jest Snapshot v1, https://goo.gl/fbAQLP

exports[`Case 1: Button Component Renders Correctly 1`] = `
Array [
  <div
    className="platter-container"
  >
    <div
      className="platter-container-header"
    >
      Platter Header
    </div>
    <div
      className="platter-container-contents"
    >
      Platter Contents
    </div>
  </div>,
  <style
    jsx={true}
  >
    
          /* Styles for the Platter Component */
          .platter-container {
            background: #e2e4e6;
            border-radius: 6px;
            height: 100%;
          }

          .platter-container-header {
            display: flex;
            justify-content: center;
            align-items: center;
            font-weight: 700;
            margin-bottom: 16px;
          }

          .platter-container-contents {
            height: 90%;
            background-color: #c5c5c5;
            border-radius: 6px;
          }
        
  </style>,
]
`;
